// Jest Snapshot v1, https://goo.gl/fbAQLP

exports[`Home Component should render the login page correctly 1`] = `
<ContextConsumer>
  <Component />
</ContextConsumer>
`;
